docker-compose :  Image resguardo-servidores-servidores-luis-api Building 
En línea: 1 Carácter: 1
+ docker-compose build --no-cache api > build_output.txt 2>&1; Get-Cont ...
+ ~~~~~~~~~~~~~~~~~~~~~~~~~~~~~~~~~~~~~~~~~~~~~~~~~~~~~~~~~~~
    + CategoryInfo          : NotSpecified: ( Image resguard...s-api Building :String) [], RemoteException
    + FullyQualifiedErrorId : NativeCommandError
 
#1 [internal] load local bake definitions
#1 reading from stdin 741B 0.0s done
#1 DONE 0.0s

#2 [internal] load build definition from Dockerfile
#2 transferring dockerfile: 1.44kB done
#2 DONE 0.0s

#3 [internal] load metadata for mcr.microsoft.com/dotnet/aspnet:8.0
#3 DONE 0.4s

#4 [internal] load metadata for mcr.microsoft.com/dotnet/sdk:8.0
#4 DONE 0.4s

#5 [internal] load .dockerignore
#5 transferring context: 2B done
#5 DONE 0.0s

#6 [build 1/6] FROM mcr.microsoft.com/dotnet/sdk:8.0@sha256:ec47373b40fc22a31c891c5be8df83f8cbadc24e785b10899545e33a1a1c2183
#6 resolve mcr.microsoft.com/dotnet/sdk:8.0@sha256:ec47373b40fc22a31c891c5be8df83f8cbadc24e785b10899545e33a1a1c2183 0.0s done
#6 DONE 0.0s

#7 [build 2/6] WORKDIR /src
#7 CACHED

#8 [runtime 1/3] FROM mcr.microsoft.com/dotnet/aspnet:8.0@sha256:8c7de8ca26baa56530cdc3d55b5563420ee2a302619ad808c53ec64613143771
#8 resolve mcr.microsoft.com/dotnet/aspnet:8.0@sha256:8c7de8ca26baa56530cdc3d55b5563420ee2a302619ad808c53ec64613143771 0.0s done
#8 DONE 0.0s

#9 [runtime 2/3] WORKDIR /app
#9 CACHED

#10 [internal] load build context
#10 transferring context: 3.85kB done
#10 DONE 0.0s

#11 [build 3/6] COPY SolicitudServidores.csproj .
#11 DONE 0.0s

#12 [build 4/6] RUN dotnet restore
#12 0.925   Determining projects to restore...
#12 14.39 /src/SolicitudServidores.csproj : warning NU1902: Package 'System.IdentityModel.Tokens.Jwt' 7.0.3 has a known moderate severity vulnerability, https://github.com/advisories/GHSA-59j7-ghrg-fj52
#12 14.55   Restored /src/SolicitudServidores.csproj (in 13.26 sec).
#12 DONE 14.8s

#13 [build 5/6] COPY . .
#13 DONE 0.1s

#14 [build 6/6] RUN dotnet publish SolicitudServidores.csproj -c Release -o /app/publish
#14 0.917   Determining projects to restore...
#14 1.255 /src/SolicitudServidores.csproj : warning NU1902: Package 'System.IdentityModel.Tokens.Jwt' 7.0.3 has a known moderate severity vulnerability, https://github.com/advisories/GHSA-59j7-ghrg-fj52
#14 1.279   All projects are up-to-date for restore.
#14 1.401 /src/SolicitudServidores.csproj : warning NU1902: Package 'System.IdentityModel.Tokens.Jwt' 7.0.3 has a known moderate severity vulnerability, https://github.com/advisories/GHSA-59j7-ghrg-fj52
#14 3.720 /src/Controller/ReporteController.cs(190,38): error CS8072: An expression tree lambda may not contain a null propagating operator. [/src/SolicitudServidores.csproj]
#14 3.720 /src/Controller/ReporteController.cs(191,38): error CS8072: An expression tree lambda may not contain a null propagating operator. [/src/SolicitudServidores.csproj]
#14 3.720 /src/Controller/ReporteController.cs(192,38): error CS8072: An expression tree lambda may not contain a null propagating operator. [/src/SolicitudServidores.csproj]
#14 3.720 /src/Controller/ReporteController.cs(193,38): error CS8072: An expression tree lambda may not contain a null propagating operator. [/src/SolicitudServidores.csproj]
#14 3.720 /src/Controller/ReporteController.cs(193,49): error CS8072: An expression tree lambda may not contain a null propagating operator. [/src/SolicitudServidores.csproj]
#14 3.720 /src/Controller/ReporteController.cs(224,38): error CS8072: An expression tree lambda may not contain a null propagating operator. [/src/SolicitudServidores.csproj]
#14 3.720 /src/Controller/ReporteController.cs(225,38): error CS8072: An expression tree lambda may not contain a null propagating operator. [/src/SolicitudServidores.csproj]
#14 3.720 /src/Controller/ReporteController.cs(226,38): error CS8072: An expression tree lambda may not contain a null propagating operator. [/src/SolicitudServidores.csproj]
#14 3.720 /src/Controller/ReporteController.cs(227,38): error CS8072: An expression tree lambda may not contain a null propagating operator. [/src/SolicitudServidores.csproj]
#14 3.720 /src/Controller/ReporteController.cs(227,51): error CS8072: An expression tree lambda may not contain a null propagating operator. [/src/SolicitudServidores.csproj]
#14 ERROR: process "/bin/sh -c dotnet publish SolicitudServidores.csproj -c Release -o /app/publish" did not complete successfully: exit code: 1
------
 > [build 6/6] RUN dotnet publish SolicitudServidores.csproj -c Release -o /app/publish:
3.720 /src/Controller/ReporteController.cs(190,38): error CS8072: An expression tree lambda may not contain a null propagating operator. [/src/SolicitudServidores.csproj]
3.720 /src/Controller/ReporteController.cs(191,38): error CS8072: An expression tree lambda may not contain a null propagating operator. [/src/SolicitudServidores.csproj]
3.720 /src/Controller/ReporteController.cs(192,38): error CS8072: An expression tree lambda may not contain a null propagating operator. [/src/SolicitudServidores.csproj]
3.720 /src/Controller/ReporteController.cs(193,38): error CS8072: An expression tree lambda may not contain a null propagating operator. [/src/SolicitudServidores.csproj]
3.720 /src/Controller/ReporteController.cs(193,49): error CS8072: An expression tree lambda may not contain a null propagating operator. [/src/SolicitudServidores.csproj]
3.720 /src/Controller/ReporteController.cs(224,38): error CS8072: An expression tree lambda may not contain a null propagating operator. [/src/SolicitudServidores.csproj]
3.720 /src/Controller/ReporteController.cs(225,38): error CS8072: An expression tree lambda may not contain a null propagating operator. [/src/SolicitudServidores.csproj]
3.720 /src/Controller/ReporteController.cs(226,38): error CS8072: An expression tree lambda may not contain a null propagating operator. [/src/SolicitudServidores.csproj]
3.720 /src/Controller/ReporteController.cs(227,38): error CS8072: An expression tree lambda may not contain a null propagating operator. [/src/SolicitudServidores.csproj]
3.720 /src/Controller/ReporteController.cs(227,51): error CS8072: An expression tree lambda may not contain a null propagating operator. [/src/SolicitudServidores.csproj]
------
Dockerfile:9

--------------------

   7 |     

   8 |     COPY . .

   9 | >>> RUN dotnet publish SolicitudServidores.csproj -c Release -o /app/publish

  10 |     

  11 |     # ÔöÇÔöÇ Stage 2: Test 
ÔöÇÔöÇÔöÇÔöÇÔöÇÔöÇÔöÇÔöÇÔöÇÔöÇÔöÇÔöÇÔöÇÔöÇÔöÇÔöÇÔöÇÔöÇÔöÇÔöÇÔöÇÔöÇÔöÇÔöÇÔöÇÔöÇÔöÇÔöÇÔöÇÔöÇÔöÇÔöÇÔöÇÔöÇÔöÇÔöÇÔöÇÔöÇÔöÇÔöÇÔöÇÔöÇÔöÇÔöÇÔöÇÔöÇÔöÇÔöÇÔöÇÔöÇÔöÇÔöÇÔöÇÔöÇÔöÇÔöÇÔöÇÔöÇÔöÇÔöÇÔöÇ

--------------------

failed to solve: process "/bin/sh -c dotnet publish SolicitudServidores.csproj -c Release -o /app/publish" did not complete successfully: exit code: 1

